// Jest Snapshot v1, https://goo.gl/fbAQLP

exports[`matches snapshot 1`] = `
<DocumentFragment>
  <div
    class="todo"
  >
    <span>
      Test Todo
    </span>
    <button>
      X
    </button>
  </div>
</DocumentFragment>
`;
