// Jest Snapshot v1, https://goo.gl/fbAQLP

exports[`matches snapshot 1`] = `
<DocumentFragment>
  <div
    class="todo-list"
  >
    <form>
      <input
        placeholder="New Todo"
        type="text"
        value=""
      />
      <button
        type="submit"
      >
        Add Todo
      </button>
    </form>
    <div />
  </div>
</DocumentFragment>
`;
